client,available,held,total,locked
1,20.0,0.0,20.0,false
2,20.0,0.0,20.0,false
