client,available,held,total,locked
1,10.0,10.0,20.0,false
