client,available,held,total,locked
1,3.9991,0.0,3.9991,false
